main.c:192:5:main	16	static
main.c:306:6:SystemClock_Config	176	static
main.c:370:13:MX_NVIC_Init	8	static
main.c:385:13:MX_ADC1_Init	24	static
main.c:435:13:MX_DAC_Init	16	static
main.c:473:13:MX_DFSDM1_Init	8	static
main.c:511:13:MX_DFSDM2_Init	8	static
main.c:566:13:MX_FMPI2C1_Init	8	static
main.c:606:13:MX_I2C2_Init	8	static
main.c:640:13:MX_I2S2_Init	8	static
main.c:674:13:MX_QUADSPI_Init	8	static
main.c:709:13:MX_SDIO_SD_Init	8	static
main.c:745:13:MX_UART10_Init	8	static
main.c:778:13:MX_USART6_UART_Init	8	static
main.c:811:13:MX_GPIO_Init	64	static
main.c:906:13:MX_FSMC_Init	40	static
main.c:996:6:resetGame	8	static
main.c:1047:6:DrawScreenTask	24	static
main.c:1190:6:GameControlTask	40	static
main.c:1403:6:HAL_TIM_PeriodElapsedCallback	16	static
main.c:1420:6:Error_Handler	4	static
