main.c:169:5:main	16	static
main.c:283:6:SystemClock_Config	176	static
main.c:347:13:MX_NVIC_Init	8	static
main.c:362:13:MX_ADC1_Init	24	static
main.c:412:13:MX_DAC_Init	16	static
main.c:450:13:MX_DFSDM1_Init	8	static
main.c:488:13:MX_DFSDM2_Init	8	static
main.c:543:13:MX_FMPI2C1_Init	8	static
main.c:583:13:MX_I2C2_Init	8	static
main.c:617:13:MX_I2S2_Init	8	static
main.c:651:13:MX_QUADSPI_Init	8	static
main.c:686:13:MX_SDIO_SD_Init	8	static
main.c:722:13:MX_UART10_Init	8	static
main.c:755:13:MX_USART6_UART_Init	8	static
main.c:788:13:MX_GPIO_Init	64	static
main.c:883:13:MX_FSMC_Init	40	static
main.c:982:6:DrawScreenTask	24	static
main.c:1039:6:GameControlTask	16	static
main.c:1092:6:HAL_TIM_PeriodElapsedCallback	16	static
main.c:1109:6:Error_Handler	4	static
