stm32f4xx_hal_msp.c:64:6:HAL_MspInit	16	static
stm32f4xx_hal_msp.c:86:6:HAL_ADC_MspInit	56	static
stm32f4xx_hal_msp.c:136:6:HAL_ADC_MspDeInit	16	static
stm32f4xx_hal_msp.c:173:6:HAL_DAC_MspInit	48	static
stm32f4xx_hal_msp.c:206:6:HAL_DAC_MspDeInit	16	static
stm32f4xx_hal_msp.c:236:6:HAL_DFSDM_ChannelMspInit	64	static
stm32f4xx_hal_msp.c:323:6:HAL_DFSDM_ChannelMspDeInit	16	static
stm32f4xx_hal_msp.c:385:6:HAL_FMPI2C_MspInit	48	static
stm32f4xx_hal_msp.c:421:6:HAL_FMPI2C_MspDeInit	16	static
stm32f4xx_hal_msp.c:450:6:HAL_I2C_MspInit	48	static
stm32f4xx_hal_msp.c:486:6:HAL_I2C_MspDeInit	16	static
stm32f4xx_hal_msp.c:517:6:HAL_I2S_MspInit	56	static
stm32f4xx_hal_msp.c:587:6:HAL_I2S_MspDeInit	16	static
stm32f4xx_hal_msp.c:625:6:HAL_QSPI_MspInit	64	static
stm32f4xx_hal_msp.c:697:6:HAL_QSPI_MspDeInit	16	static
stm32f4xx_hal_msp.c:738:6:HAL_SD_MspInit	48	static
stm32f4xx_hal_msp.c:787:6:HAL_SD_MspDeInit	16	static
stm32f4xx_hal_msp.c:823:6:HAL_UART_MspInit	56	static
stm32f4xx_hal_msp.c:883:6:HAL_UART_MspDeInit	16	static
stm32f4xx_hal_msp.c:926:13:HAL_FSMC_MspInit	32	static
stm32f4xx_hal_msp.c:1021:6:HAL_SRAM_MspInit	16	static
stm32f4xx_hal_msp.c:1033:13:HAL_FSMC_MspDeInit	8	static
stm32f4xx_hal_msp.c:1106:6:HAL_SRAM_MspDeInit	16	static
