main.c:228:1:ScreenOneGameOperation	4	static
main.c:259:1:ScreenTwoGameOperation	32	static
main.c:394:1:ScreenThreeGameOperation	8	static
main.c:426:6:DrawScreenOne	8	static
main.c:474:6:DrawScreenTwo	16	static
main.c:500:6:DrawScreenThree	8	static
main.c:540:6:HAL_UART_RxCpltCallback	24	static,ignoring_inline_asm
main.c:561:6:HAL_UART_TxCpltCallback	24	static,ignoring_inline_asm
main.c:585:5:main	16	static
main.c:707:6:SystemClock_Config	176	static
main.c:771:13:MX_NVIC_Init	8	static
main.c:786:13:MX_ADC1_Init	24	static
main.c:836:13:MX_DAC_Init	16	static
main.c:874:13:MX_DFSDM1_Init	8	static
main.c:912:13:MX_DFSDM2_Init	8	static
main.c:967:13:MX_FMPI2C1_Init	8	static
main.c:1007:13:MX_I2C2_Init	8	static
main.c:1041:13:MX_I2S2_Init	8	static
main.c:1075:13:MX_QUADSPI_Init	8	static
main.c:1110:13:MX_SDIO_SD_Init	8	static
main.c:1146:13:MX_UART10_Init	8	static
main.c:1179:13:MX_USART6_UART_Init	8	static
main.c:1212:13:MX_GPIO_Init	64	static
main.c:1323:13:MX_FSMC_Init	40	static
main.c:1413:6:resetGame	8	static
main.c:1464:6:StartTask01	16	static
main.c:1486:6:StartTask02	24	static
main.c:1526:6:StartTask03	24	static
main.c:1563:6:StartGameControlTask	16	static
main.c:1592:6:StartDisplayTask	16	static
main.c:1633:6:HAL_TIM_PeriodElapsedCallback	16	static
main.c:1650:6:Error_Handler	4	static
