stm32f4xx_it.c:82:6:NMI_Handler	4	static
stm32f4xx_it.c:95:6:HardFault_Handler	4	static
stm32f4xx_it.c:110:6:MemManage_Handler	4	static
stm32f4xx_it.c:125:6:BusFault_Handler	4	static
stm32f4xx_it.c:140:6:UsageFault_Handler	4	static
stm32f4xx_it.c:155:6:DebugMon_Handler	4	static
stm32f4xx_it.c:175:6:EXTI9_5_IRQHandler	8	static
stm32f4xx_it.c:211:6:EXTI15_10_IRQHandler	8	static
stm32f4xx_it.c:253:6:TIM6_DAC_IRQHandler	8	static
stm32f4xx_it.c:268:6:OTG_FS_IRQHandler	8	static
stm32f4xx_it.c:282:6:USART6_IRQHandler	8	static
